interactions:
- request:
    body: null
    headers:
      Connection: [keep-alive]
      Content-Length: ['0']
      User-Agent: [Azure-Storage/1.4.0-1.4.0 (Python CPython 3.7.0; Darwin 18.2.0)]
      x-ms-blob-type: [AppendBlob]
      x-ms-client-request-id: [f7b0fc06-5780-11e9-8f47-acde48001122]
      x-ms-date: ['Fri, 05 Apr 2019 08:58:23 GMT']
      x-ms-version: ['2018-11-09']
    method: PUT
    uri: https://storagename.blob.core.windows.net/utcontainerb92d17b5/blobb92d17b5
  response:
    body: {string: ''}
    headers:
      Content-Length: ['0']
      Date: ['Fri, 05 Apr 2019 08:58:23 GMT']
      ETag: ['"0x8D6B9A4DBFA2D03"']
      Last-Modified: ['Fri, 05 Apr 2019 08:58:23 GMT']
      Server: [Windows-Azure-Blob/1.0 Microsoft-HTTPAPI/2.0]
      x-ms-request-id: [0063859d-701e-000a-438d-eb28ea000000]
      x-ms-request-server-encrypted: ['true']
      x-ms-version: ['2018-11-09']
    status: {code: 201, message: Created}
- request:
    body: ' python python python world world hello world hello world world hello python
      hello hello hello hello hello hello python world python python world hello hello
      hello python python hello hello world world hello python python world hello
      python world python python hello hello world python hello python world hello
      python hello world hello python world python world hello world world world hello
      hello world hello hello hello world python python world hello world python python
      hello hello python python hello hello hello world world hello hello world python
      python python python hello python world world hello world world hello world
      python world hello python python world world python hello world world hello
      world world world python world hello hello hello world python python hello world
      python world python hello hello world python world hello python hello world
      python hello hello world python hello world python hello world hello world world
      python world world hello hello hello world world world hello hello world python
      world hello hello world hello hello python world world hello hello world world
      world hello python hello world python hello hello world python world hello world
      world world hello hello hello world hello world world python world world hello
      hello world world hello hello python hello world python hello python python
      world python world python hello hello python hello python hello hello python
      world python hello world world hello world hello hello hello python world python
      hello hello hello world python python world hello hello hello hello hello hello
      world python hello world python hello python world python hello hello python
      world hello world python world hello world world python world python world world
      world world hello hello world hello python hello hello hello hello python world
      world python hello python hello hello world world python python python world
      hello hello hello world hello hello hello python hello hello python python python
      python python world world hello world python python world world python hello
      hello world python world world python world hello python python hello python
      hello python hello python hello world python python python hello python hello
      world python python hello hello python python world world hello hello python
      python python world hello python world world world world world world world world
      world hello hello python python world world python world world python world
      world python world world python python python hello world hello world world
      python world world world python python python python world python python python
      hello python hello hello python python world python hello python hello python
      python hello world python world python world world hello python hello python
      world world world world python world hello world python python python hello
      python hello world python world python world world python python world world
      world hello python python world hello world python hello world world world python
      python world python world world python hello python world python world python
      hello hello python world world world hello world hello hello hello world world
      python python python world python world python hello world world world python
      python hello python world world world hello world world python python world
      hello python hello python python python hello hello world python python world
      hello python world python world world python world hello hello world hello python
      world world world hello hello world hello hello world hello python hello hello
      python hello python python python python hello python hello hello python python
      python hello world hello world python world world hello world python hello python
      python world world python world hello python hello world hello hello world hello
      hello hello world hello world hello python world python python python hello
      python world hello python world world hello hello hello hello world hello world
      python world python hello hello hello hello python python world python world
      python python hello world hello python python hello python python hello hello
      pytho'
    headers:
      Connection: [keep-alive]
      Content-Length: ['4096']
      User-Agent: [Azure-Storage/1.4.0-1.4.0 (Python CPython 3.7.0; Darwin 18.2.0)]
      x-ms-client-request-id: [f7cbebb0-5780-11e9-8f47-acde48001122]
      x-ms-date: ['Fri, 05 Apr 2019 08:58:23 GMT']
      x-ms-version: ['2018-11-09']
    method: PUT
    uri: https://storagename.blob.core.windows.net/utcontainerb92d17b5/blobb92d17b5?comp=appendblock
  response:
    body: {string: ''}
    headers:
      Content-Length: ['0']
      Content-MD5: [132x9QRXqvbSkQF7gfE/eg==]
      Date: ['Fri, 05 Apr 2019 08:58:23 GMT']
      ETag: ['"0x8D6B9A4DC03F2D1"']
      Last-Modified: ['Fri, 05 Apr 2019 08:58:23 GMT']
      Server: [Windows-Azure-Blob/1.0 Microsoft-HTTPAPI/2.0]
      x-ms-blob-append-offset: ['0']
      x-ms-blob-committed-block-count: ['1']
      x-ms-request-id: [006385e3-701e-000a-078d-eb28ea000000]
      x-ms-request-server-encrypted: ['true']
      x-ms-version: ['2018-11-09']
    status: {code: 201, message: Created}
- request:
    body: n world python world hello world python hello world python hello hello hello
      world python world world world python python python hello python hello world
      python world python hello python world hello hello python python hello hello
      world hello world hello hello hello world world python world python hello python
      world python world world python world python python hello hello python python
      world hello world world python world world hello world hello hello hello world
      python hello world python python world hello world world world python world
      world hello hello world world hello hello world python hello world hello world
      world python world python python world python python hello world hello python
      world world python python hello python python world hello world world hello
      python python python python hello world world python python world python python
      python hello python hello hello hello python python python hello world world
      python python python python world hello world world world world python python
      python python world python python python world world hello python python python
      hello python python hello world hello python python hello world python hello
      world hello python world python world world world world hello python hello hello
      python python world hello python python hello python world hello world world
      python python world python hello python python hello world hello world python
      world hello python hello python python python python hello hello world python
      world hello python python world world hello python python python world hello
      python hello hello world world world world python hello hello hello python python
      hello hello world python world python hello hello hello python world hello python
      hello hello python hello hello hello python hello python hello hello hello python
      hello world hello world python hello hello python world hello hello hello hello
      hello world python hello hello python world python python python world python
      hello hello python hello hello hello world world world python python world python
      python python python python world hello world world python hello python hello
      world world python python hello world python hello world python python python
      world python python hello hello world hello hello hello python python world
      python python python hello world hello world world hello world world python
      world python hello python world world python python world python world python
      world hello python world hello python hello world world python hello hello hello
      python hello world hello world python python world world world python python
      hello hello world world world hello python python python hello world python
      world world world hello world world world world python python python python
      world python world hello world python world python python python python python
      python python python python world world hello python world python world python
      world python python hello python python python hello world hello hello python
      hello world world hello python world python world hello world world python hello
      hello world python hello world hello hello hello python python python hello
      python world hello world python world hello world world python world world hello
      python python world hello hello python world world hello world world world hello
      world world python python hello world python hello python world hello hello
      hello python python world world python world world python world hello python
      world hello python hello world hello python hello python hello hello python
      hello python world python python world hello hello python hello world hello
      world world python python world hello hello world world python world world python
      world python world world world python python python world world world world
      hello world world hello hello python hello python world hello world world hello
      world python hello hello hello world world python hello hello world hello world
      hello hello world python python hello hello python world python hello world
      world python python world python world world hello python python world python
      hello world python py
    headers:
      Connection: [keep-alive]
      Content-Length: ['4096']
      User-Agent: [Azure-Storage/1.4.0-1.4.0 (Python CPython 3.7.0; Darwin 18.2.0)]
      x-ms-blob-condition-appendpos: ['4096']
      x-ms-client-request-id: [f7d2d25e-5780-11e9-8f47-acde48001122]
      x-ms-date: ['Fri, 05 Apr 2019 08:58:23 GMT']
      x-ms-version: ['2018-11-09']
    method: PUT
    uri: https://storagename.blob.core.windows.net/utcontainerb92d17b5/blobb92d17b5?comp=appendblock
  response:
    body: {string: ''}
    headers:
      Content-Length: ['0']
      Content-MD5: [1lF7cniLdvfR+6JYBCAjrA==]
      Date: ['Fri, 05 Apr 2019 08:58:23 GMT']
      ETag: ['"0x8D6B9A4DC0A3585"']
      Last-Modified: ['Fri, 05 Apr 2019 08:58:23 GMT']
      Server: [Windows-Azure-Blob/1.0 Microsoft-HTTPAPI/2.0]
      x-ms-blob-append-offset: ['4096']
      x-ms-blob-committed-block-count: ['2']
      x-ms-request-id: [0063860a-701e-000a-2b8d-eb28ea000000]
      x-ms-request-server-encrypted: ['true']
      x-ms-version: ['2018-11-09']
    status: {code: 201, message: Created}
- request:
    body: thon hello world python world hello python hello python hello python hello
      hello hello world python world world hello python hello world hello world world
      world python world python hello python hello python python hello python python
      world python python hello python world python python python world hello world
      world hello python python python python world python python hello world python
      python hello world world world python hello hello python python world world
      python python hello hello world python python world world python world python
      hello python world world world hello hello world hello python hello python hello
      python python hello python hello hello hello hello world hello world python
      python python hello python python python python python world hello python python
      world python world python world python world hello python python world python
      python python python python world python python world world hello python world
      world python world python python hello world world hello world python world
      python world python world hello hello hello hello world python world hello python
      hello python world world world python python hello world world hello world world
      hello world python python world world python python python python python python
      python python world world python python hello hello python python python world
      python python hello python python world python hello python hello world python
      hello hello hello python python hello python hello world hello world world python
      hello hello hello hello world world hello hello python world hello python world
      hello hello world world python hello hello world hello hello python world world
      hello world hello world python python hello hello python hello world hello world
      hello world world world world world python world world python world hello python
      python hello world world hello world python hello python hello world world hello
      python world world python hello python hello hello hello python world hello
      python hello python python hello python python hello hello hello hello hello
      world python hello python hello hello world world python world python hello
      world world world python hello hello world python hello world world python hello
      python hello python hello world hello hello hello world python world world python
      python world python hello hello hello python world world world world world world
      python python world python python hello hello world python world python python
      world world python hello hello world hello world python hello hello hello hello
      world python hello hello python world world python hello world python world
      world world world world python python python hello world python hello hello
      world python world hello world python hello hello hello world world python hello
      world hello python python world python world world python python python python
      python world hello python python python python python hello world python hello
      python hello hello world world hello world python hello world world hello world
      python world python python python hello python hello world hello hello hello
      world python hello python python hello python hello python world python world
      hello python world hello python hello hello python world python world world
      python python world world world python world hello python hello hello python
      world hello world hello hello python python python hello world world world python
      world python hello world world world python world python python hello hello
      world python world world python hello world world hello world hello hello hello
      world python hello python world python world world world python hello python
      hello world hello python world hello hello hello hello hello python world world
      world hello hello hello world python hello world python world python python
      python python world python python world world hello hello hello python hello
      python python hello world python hello hello hello python hello python python
      world hello hello python world python world hello world world world python world
      world python python python world world python hello hello python python hell
    headers:
      Connection: [keep-alive]
      Content-Length: ['4096']
      User-Agent: [Azure-Storage/1.4.0-1.4.0 (Python CPython 3.7.0; Darwin 18.2.0)]
      x-ms-blob-condition-appendpos: ['8192']
      x-ms-client-request-id: [f7d92208-5780-11e9-8f47-acde48001122]
      x-ms-date: ['Fri, 05 Apr 2019 08:58:23 GMT']
      x-ms-version: ['2018-11-09']
    method: PUT
    uri: https://storagename.blob.core.windows.net/utcontainerb92d17b5/blobb92d17b5?comp=appendblock
  response:
    body: {string: ''}
    headers:
      Content-Length: ['0']
      Content-MD5: [uHGM+fySTz2e1YPgelDcuA==]
      Date: ['Fri, 05 Apr 2019 08:58:23 GMT']
      ETag: ['"0x8D6B9A4DC1162C4"']
      Last-Modified: ['Fri, 05 Apr 2019 08:58:23 GMT']
      Server: [Windows-Azure-Blob/1.0 Microsoft-HTTPAPI/2.0]
      x-ms-blob-append-offset: ['8192']
      x-ms-blob-committed-block-count: ['3']
      x-ms-request-id: [00638626-701e-000a-458d-eb28ea000000]
      x-ms-request-server-encrypted: ['true']
      x-ms-version: ['2018-11-09']
    status: {code: 201, message: Created}
- request:
    body: 'o python hello world hello python hello world world python hello world
      world world world world python python python world world python hello python
      python python python python hello world world python python python hello world
      world python hello python python world python hello hello hello world hello
      python python python hello hello world world hello python hello hello hello
      python python world hello hello world python python world world python python
      world python hello hello hello hello python hello hello python python world
      world world hello hello world python python python hello world hello hello hello
      python hello python hello world python world python world hello world python
      world python python python world hello python world python world python python
      hello hello python world python hello python hello world world hello python
      world world hello world world world python python hello hello python python
      hello python python hello world python world world hello hello world world python
      world hello hello world hello world world world hello hello world python hello
      python world world world python world world world hello world python world python
      world python world world python python hello python hello python hello hello
      world world python hello world python world hello python python hello python
      hello python python hello python python hello world hello python world hello
      world python hello hello hello hello python python world hello world world hello
      world python hello hello python python world hello python hello hello python
      python python world world hello hello world hello python world world world python
      world python hello world python hello world hello hello python hello hello hello
      python python python python hello hello python hello hello hello python hello
      hello world python world hello python hello world hello world world python hello
      world python hello python world python world python hello python python world
      world hello python world hello world hello python python python hello hello
      world python hello world python hello python python hello python hello hello
      python world python world hello world world world hello hello python python
      hello python hello hello world hello world hello hello hello world world hello
      world hello world python world world hello world hello python python python
      hello hello python hello hello world hello hello hello hello hello world hello
      hello python world hello python python python hello hello python hello hello
      world hello python python python hello python python python hello hello world
      hello python world world world hello hello python python world hello hello world
      python python world hello python hello world hello python hello world hello
      world python python world hello python world python python world python hello
      world python world hello world python hello hello hello python python world
      python world world hello hello hello hello hello python world world world python
      hello world hello world hello hello hello python python python world world hello
      world world world world hello python hello world python python world world python
      hello python python python python world hello hello hello world world hello
      hello python world world hello hello hello python world hello hello world hello
      python python world python world hello hello world python python world hello
      hello hello hello hello world python python python python hello hello hello
      hello world python python hello hello hello hello world hello hello hello hello
      python hello hello hello hello world python python hello world python python
      python hello hello python hello world hello hello python python python hello
      world hello world world world world python python hello world world world world
      world hello hello python hello world world python hello python world hello hello
      python python world hello hello python hello hello world python world python
      python world hello world python python hello python world world world hello
      python python world hello world python python python python python hello world
      hello python hello python python '
    headers:
      Connection: [keep-alive]
      Content-Length: ['4096']
      User-Agent: [Azure-Storage/1.4.0-1.4.0 (Python CPython 3.7.0; Darwin 18.2.0)]
      x-ms-blob-condition-appendpos: ['12288']
      x-ms-client-request-id: [f7e06428-5780-11e9-8f47-acde48001122]
      x-ms-date: ['Fri, 05 Apr 2019 08:58:23 GMT']
      x-ms-version: ['2018-11-09']
    method: PUT
    uri: https://storagename.blob.core.windows.net/utcontainerb92d17b5/blobb92d17b5?comp=appendblock
  response:
    body: {string: ''}
    headers:
      Content-Length: ['0']
      Content-MD5: [7CV74Xhu9yDDmO3b8/cB9A==]
      Date: ['Fri, 05 Apr 2019 08:58:23 GMT']
      ETag: ['"0x8D6B9A4DC19C8BC"']
      Last-Modified: ['Fri, 05 Apr 2019 08:58:23 GMT']
      Server: [Windows-Azure-Blob/1.0 Microsoft-HTTPAPI/2.0]
      x-ms-blob-append-offset: ['12288']
      x-ms-blob-committed-block-count: ['4']
      x-ms-request-id: [0063865c-701e-000a-768d-eb28ea000000]
      x-ms-request-server-encrypted: ['true']
      x-ms-version: ['2018-11-09']
    status: {code: 201, message: Created}
- request:
    body: 'hello python hello hello python world world python world world python hello
      hello python world hello python world world hello hello python python python
      python python python hello python world hello hello python hello world world
      python hello world hello python world world hello hello world python world python
      python hello hello python hello world world python world world python python
      python world python hello world world hello python python hello world world
      hello python hello hello hello world python python world hello hello python
      hello python hello world python python hello hello world hello hello hello python
      world hello world world world python python world hello world hello hello hello
      world world hello hello python python python python hello hello hello world
      hello python python world world world python world hello world world world hello
      hello hello hello world hello world world world python hello python hello python
      world python hello world python hello world python hello python world world
      hello python python python world hello world hello world world python hello
      python hello hello hello world hello hello python hello world world python hello
      hello python world python python hello world python python hello world hello
      hello hello python world python world world python world python hello hello
      world world world hello hello world hello python world python python world world
      python world world hello world hello hello python world world hello hello world
      python python hello world python world python world world python world python
      world python python hello hello python python hello hello world hello hello
      world python python world world hello python world hello hello hello hello hello
      python python python world world hello hello hello hello python world python
      hello hello world python python world world world world python hello python
      world python hello python world world hello python python hello world hello
      hello python world hello world world world python python world hello world python
      python hello python world python hello python python hello hello world world
      python world hello hello world world hello python python hello hello hello python
      hello python hello python python world python python hello world hello python
      python python python world python world hello python world python python world
      world world world python world world python python python hello world python
      world hello world python python python hello hello hello world world python
      world world python hello hello python world world world world world python python
      hello hello hello hello python hello world world world python hello hello python
      hello hello hello world world hello python python world python hello world hello
      hello world hello world world python hello python python python hello hello
      python python hello python hello hello world world python python python python
      python python world world hello hello python hello world python python world
      hello python world python python hello python hello hello world python world
      world hello python python world world world python hello python hello hello
      python hello hello hello world hello python hello world world world hello hello
      python world python python world python world world python hello python python
      hello hello hello world python hello hello hello python world hello python python
      hello hello world hello world world world python python python python python
      python hello hello python python hello hello world world world hello world world
      world hello python hello world world hello world hello python world world hello
      python world hello world hello hello world world world hello hello python world
      hello python hello python python python hello hello python python python python
      hello python hello hello python world hello hello hello python python hello
      python python world world world python hello python python python hello python
      hello hello hello world python world world hello hello python python hello world
      python world hello hello world python world python world python hello world
      python hello '
    headers:
      Connection: [keep-alive]
      Content-Length: ['4096']
      User-Agent: [Azure-Storage/1.4.0-1.4.0 (Python CPython 3.7.0; Darwin 18.2.0)]
      x-ms-blob-condition-appendpos: ['16384']
      x-ms-client-request-id: [f7e8bd26-5780-11e9-8f47-acde48001122]
      x-ms-date: ['Fri, 05 Apr 2019 08:58:23 GMT']
      x-ms-version: ['2018-11-09']
    method: PUT
    uri: https://storagename.blob.core.windows.net/utcontainerb92d17b5/blobb92d17b5?comp=appendblock
  response:
    body: {string: ''}
    headers:
      Content-Length: ['0']
      Content-MD5: [L3wKpWLMTxhqkjtWZ0w/Jg==]
      Date: ['Fri, 05 Apr 2019 08:58:23 GMT']
      ETag: ['"0x8D6B9A4DC2080B2"']
      Last-Modified: ['Fri, 05 Apr 2019 08:58:23 GMT']
      Server: [Windows-Azure-Blob/1.0 Microsoft-HTTPAPI/2.0]
      x-ms-blob-append-offset: ['16384']
      x-ms-blob-committed-block-count: ['5']
      x-ms-request-id: [00638699-701e-000a-2d8d-eb28ea000000]
      x-ms-request-server-encrypted: ['true']
      x-ms-version: ['2018-11-09']
    status: {code: 201, message: Created}
- request:
    body: world world python hello python python python world world world hello python
      hello python world world world world world python python python python python
      python python world world world world python hello world python world world
      hello hello world hello python python world world world world world python hello
      python hello world python world world hello hello python world world world python
      python world world hello hello python python world hello world world world hello
      world hello python python world python world python python hello world world
      python world python world hello hello hello hello python world python hello
      world python python world world world python world hello python world python
      world hello python world hello python python hello hello world python hello
      python world world hello world hello world python python world world hello world
      hello world python python world python hello world world hello hello world hello
      hello python world hello world world hello world world world world hello hello
      python world python hello python world hello world hello python world hello
      world hello python hello world world world hello python hello python hello world
      hello world python python python world python world world world world hello
      python hello hello hello hello hello world hello world python python world hello
      world world world world hello python python hello python world world python
      hello world world world world hello world world hello world world python hello
      python hello hello hello hello world world world python hello python world python
      world hello world world world python hello hello world world hello world world
      hello python python hello world hello hello world hello world python python
      python python world python python hello hello world hello hello python python
      python python python world python hello hello hello hello world python python
      hello hello hello python python python world world hello world python python
      hello world hello hello python world python world hello world python hello world
      hello python world hello hello hello world python hello python world python
      hello world hello python world hello python world world hello python python
      hello python world world world python hello world hello world python python
      world world hello world python world python world world hello python world world
      hello world hello world world python hello hello python hello hello hello python
      hello world python hello hello world world python hello hello hello python hello
      hello python hello hello world python hello world world world hello hello python
      python hello world python python world world hello hello hello hello world hello
      hello python world hello world hello hello hello python world hello hello world
      python python python world python world hello world python world hello hello
      python hello python python world python python python python python python hello
      python world world hello hello hello python python hello hello python python
      hello python world hello hello world hello hello python python hello python
      hello python world python hello python python python hello hello world world
      python world world world world world python python world hello world hello world
      world python hello world world world python world world world world python world
      hello hello python world world python world world hello world python world python
      hello world world hello python python python python world world python python
      hello world hello python python python hello world python python world python
      python world python python python hello world world python python world python
      python world hello hello world python python hello python world python hello
      world python python hello python hello hello hello hello world python python
      world hello hello hello hello hello hello world hello hello python world world
      world python python world hello hello world python python world hello python
      world world world python hello hello hello hello world world world world world
      hello world world world world hello python python python hello hello python
      python he
    headers:
      Connection: [keep-alive]
      Content-Length: ['4096']
      User-Agent: [Azure-Storage/1.4.0-1.4.0 (Python CPython 3.7.0; Darwin 18.2.0)]
      x-ms-blob-condition-appendpos: ['20480']
      x-ms-client-request-id: [f7ef8c00-5780-11e9-8f47-acde48001122]
      x-ms-date: ['Fri, 05 Apr 2019 08:58:23 GMT']
      x-ms-version: ['2018-11-09']
    method: PUT
    uri: https://storagename.blob.core.windows.net/utcontainerb92d17b5/blobb92d17b5?comp=appendblock
  response:
    body: {string: ''}
    headers:
      Content-Length: ['0']
      Content-MD5: [Le/jZkshcEL4WHR0toeVdQ==]
      Date: ['Fri, 05 Apr 2019 08:58:23 GMT']
      ETag: ['"0x8D6B9A4DC27FC1F"']
      Last-Modified: ['Fri, 05 Apr 2019 08:58:23 GMT']
      Server: [Windows-Azure-Blob/1.0 Microsoft-HTTPAPI/2.0]
      x-ms-blob-append-offset: ['20480']
      x-ms-blob-committed-block-count: ['6']
      x-ms-request-id: [006386cc-701e-000a-5c8d-eb28ea000000]
      x-ms-request-server-encrypted: ['true']
      x-ms-version: ['2018-11-09']
    status: {code: 201, message: Created}
- request:
    body: llo world world hello hello hello world hello world python python world
      python hello python hello hello world hello hello python python hello world
      hello world world python python hello world python python hello python python
      world python hello python hello world hello python python python hello hello
      python python python world world world python world hello hello python hello
      python hello python world hello python python python world python hello python
      hello world hello hello world world world world hello python python python world
      world hello world hello world hello python hello python world python world python
      hello python world world hello world python world world hello hello python world
      python python world hello hello hello hello hello hello world hello python hello
      world python hello python python python python world world hello hello python
      hello python python world hello python python hello hello python python python
      world world hello python world world python world hello world world hello world
      python hello python python world python python world world python python world
      hello python hello hello hello world hello python world hello python world hello
      hello python hello python hello hello world world python world hello world python
      python world python python world hello python hello python python hello python
      world world hello python python world hello python python hello world world
      hello hello hello hello hello world world hello world world hello hello python
      python hello hello python python world python world hello world python hello
      hello python hello world python python python hello python world hello hello
      python world world python hello world hello hello world python python python
      world python hello hello python world world world hello python hello python
      world hello world python python python world python python python hello world
      python python hello world world hello hello python hello hello world python
      hello world world python hello world world python hello hello world world world
      world hello world hello world hello hello hello python python hello hello world
      world hello world world python python world hello hello python python python
      hello hello hello hello python world hello hello world hello hello hello python
      python hello world hello python hello python hello world hello python world
      hello hello world python hello world hello hello hello hello python hello python
      world hello world world world hello hello python world world hello python world
      hello world hello world world hello python world world hello python python world
      python python python python hello python python python hello python world hello
      python world hello world hello hello world hello hello python world hello python
      hello hello hello python hello world python world world world world hello python
      world hello hello hello python world python world python python world hello
      world python python python hello hello hello python world hello world hello
      python hello hello world world world world python world hello python world world
      hello hello world world hello python hello world world python hello world hello
      hello python hello hello python world hello hello hello world world hello hello
      hello hello hello hello world world hello python python world python world python
      world world python world world world hello hello hello python python world hello
      python python world world hello world world python hello world hello world world
      python python world hello world hello hello hello python world world hello world
      hello world world hello python hello hello python hello python hello hello python
      world world world python world python python hello python world hello python
      world world world world hello hello python world python python hello world hello
      python world world hello hello world hello world world world python python world
      hello hello hello world python python python world world hello python hello
      world world hello hello hello python hello hello hello python hello hello hello
      hello hello hello hello world hello python hello python world worl
    headers:
      Connection: [keep-alive]
      Content-Length: ['4096']
      User-Agent: [Azure-Storage/1.4.0-1.4.0 (Python CPython 3.7.0; Darwin 18.2.0)]
      x-ms-blob-condition-appendpos: ['24576']
      x-ms-client-request-id: [f7f6f72e-5780-11e9-8f47-acde48001122]
      x-ms-date: ['Fri, 05 Apr 2019 08:58:23 GMT']
      x-ms-version: ['2018-11-09']
    method: PUT
    uri: https://storagename.blob.core.windows.net/utcontainerb92d17b5/blobb92d17b5?comp=appendblock
  response:
    body: {string: ''}
    headers:
      Content-Length: ['0']
      Content-MD5: [GO/BnuCo0VtutXbxUmLJGQ==]
      Date: ['Fri, 05 Apr 2019 08:58:23 GMT']
      ETag: ['"0x8D6B9A4DC2F5075"']
      Last-Modified: ['Fri, 05 Apr 2019 08:58:23 GMT']
      Server: [Windows-Azure-Blob/1.0 Microsoft-HTTPAPI/2.0]
      x-ms-blob-append-offset: ['24576']
      x-ms-blob-committed-block-count: ['7']
      x-ms-request-id: [006386ee-701e-000a-7b8d-eb28ea000000]
      x-ms-request-server-encrypted: ['true']
      x-ms-version: ['2018-11-09']
    status: {code: 201, message: Created}
- request:
    body: 'd python world world python world hello hello hello world hello python
      world python world hello hello world world hello python python hello world python
      python python hello hello python hello python python world hello world world
      python world hello python python python world world python python world world
      python hello hello python python world python world hello world world world
      world python world world world hello hello world hello hello world world hello
      python hello world python hello world hello world hello world python world hello
      hello hello world world hello hello world world hello hello hello world world
      python python world world hello hello hello hello hello python python hello
      world hello world python world hello hello python python python world hello
      hello python world world python python hello python hello world python world
      world hello world world hello python python world python python python world
      hello world world world hello python python python hello hello world hello world
      world python world python hello python python hello world python python hello
      hello world hello hello python python python hello python python hello python
      python hello world python hello world world world world python world world python
      python world hello python world world python world world hello world python
      hello python python world python hello python python hello world world hello
      hello python world hello python hello python hello python python hello hello
      hello hello python hello python world hello python world python hello world
      world python world python world hello python hello python hello python python
      python world world hello python python python world hello python world world
      hello world world python world hello world hello hello world python python hello
      python hello python world python world world python hello world hello world
      hello world world python hello world hello world hello hello hello hello python
      world hello python python world python world world hello hello python python
      python world hello python hello world hello world python python python world
      hello world hello python hello hello python python hello world world world python
      hello hello python hello hello hello python hello world hello python python
      python world hello python hello hello hello hello hello hello hello world hello
      world world world hello hello hello hello world python world world python hello
      hello hello hello python world hello world world python hello world world hello
      hello python world world hello world world hello world hello world python world
      world python python python hello python hello world python hello world python
      hello python hello world python world python hello python hello python hello
      world python world python hello world hello world python world python world
      python world python hello hello world world python world python python world
      python hello world world world world world hello world hello python world python
      world python hello hello hello hello python hello hello world python python
      python world world hello hello world hello world hello hello python python hello
      world hello world hello world world hello hello python world python python world
      python python hello python python python world world hello world hello world
      python world hello hello world world python world hello python hello hello python
      world world hello hello hello python hello python world hello hello world python
      hello python python python hello hello python hello hello world world world
      world python python python world world python hello python world hello hello
      world hello python world python python hello python python world hello python
      hello python python python python hello hello python python world python python
      hello python hello python python world world hello python hello world python
      hello hello python world hello hello world python world hello python hello world
      hello world hello python python world world world python world world world hello
      python hello hello world hello hello world hello python python python hello
      python world hello python '
    headers:
      Connection: [keep-alive]
      Content-Length: ['4096']
      User-Agent: [Azure-Storage/1.4.0-1.4.0 (Python CPython 3.7.0; Darwin 18.2.0)]
      x-ms-blob-condition-appendpos: ['28672']
      x-ms-client-request-id: [f7fe7468-5780-11e9-8f47-acde48001122]
      x-ms-date: ['Fri, 05 Apr 2019 08:58:23 GMT']
      x-ms-version: ['2018-11-09']
    method: PUT
    uri: https://storagename.blob.core.windows.net/utcontainerb92d17b5/blobb92d17b5?comp=appendblock
  response:
    body: {string: ''}
    headers:
      Content-Length: ['0']
      Content-MD5: [rUuIGpAQQeb9smZwHEPpnQ==]
      Date: ['Fri, 05 Apr 2019 08:58:23 GMT']
      ETag: ['"0x8D6B9A4DC36F2FA"']
      Last-Modified: ['Fri, 05 Apr 2019 08:58:23 GMT']
      Server: [Windows-Azure-Blob/1.0 Microsoft-HTTPAPI/2.0]
      x-ms-blob-append-offset: ['28672']
      x-ms-blob-committed-block-count: ['8']
      x-ms-request-id: [00638719-701e-000a-258d-eb28ea000000]
      x-ms-request-server-encrypted: ['true']
      x-ms-version: ['2018-11-09']
    status: {code: 201, message: Created}
- request:
    body: hello world python python world world world python world hello hello hello
      hello python world python world hello hello world python python python world
      python world python world hello python python world hello hello world world
      world python hello python python python hello python world world hello python
      hello hello python python python hello world world python python world python
      world world world hello hello python world python hello hello world python world
      python world world python world world python world world python python hello
      python python hello python python python python hello python python world world
      python world world world python hello python world hello world world world hello
      hello hello python world python python hello hello hello hello hello hello world
      python world hello hello python world world hello python world hello python
      world hello world hello hello world python hello world hello world python world
      world python hello python hello hello world world world hello python hello hello
      python world python world python python python hello python world hello python
      world hello hello world python world python python world world hello python
      world hello python python world python world python world world hello world
      hello hello python world world hello python hello python world world hello world
      python hello world python hello hello hello hello world hello python python
      hello python world python hello python python world world hello python python
      world python hello hello python hello python hello hello python python hello
      hello hello hello python hello python python python world python world world
      python python python world world hello python hello python python python python
      python python python hello hello world python python world hello world python
      python hello world world world world hello hello python hello python hello python
      hello hello hello world world hello hello world hello hello python python hello
      hello hello python python world python python python world python world python
      world hello python hello python world python world world python world python
      python python hello world hello world world python world world hello python
      world hello python python python python world hello python python hello world
      python world python python python hello world world python python hello hello
      python python world python python hello python world python world world world
      hello hello world python python world world hello python world world hello python
      hello python world python world python python hello python python hello world
      hello hello python python world python hello world world world hello hello world
      python python hello python world hello hello world hello world hello hello world
      world python python hello hello world world world world python hello world world
      hello hello world world python world hello python python hello hello hello world
      hello python world hello hello hello hello hello hello world hello python world
      world hello world world world hello python python python hello python world
      world python python hello hello hello hello world hello world world python python
      python hello world world python world python python hello world world hello
      python hello python world world world world python python world python world
      hello python hello world python python python python python world python python
      python python hello world python world python world world python hello python
      python python world python hello hello python python python hello world world
      hello hello python world python hello world world world hello world world world
      world hello python python hello hello python hello world world world python
      hello world python hello hello python python hello python world python python
      python python world hello world world world python hello hello python world
      python hello hello world python python hello hello world hello hello hello python
      python python hello python hello python world hello world hello world python
      hello hello python python python world world world python hello python python
      python pyth
    headers:
      Connection: [keep-alive]
      Content-Length: ['4096']
      User-Agent: [Azure-Storage/1.4.0-1.4.0 (Python CPython 3.7.0; Darwin 18.2.0)]
      x-ms-blob-condition-appendpos: ['32768']
      x-ms-client-request-id: [f805d8de-5780-11e9-8f47-acde48001122]
      x-ms-date: ['Fri, 05 Apr 2019 08:58:24 GMT']
      x-ms-version: ['2018-11-09']
    method: PUT
    uri: https://storagename.blob.core.windows.net/utcontainerb92d17b5/blobb92d17b5?comp=appendblock
  response:
    body: {string: ''}
    headers:
      Content-Length: ['0']
      Content-MD5: [XaX0NpyRsUNSBSB4ARteFg==]
      Date: ['Fri, 05 Apr 2019 08:58:23 GMT']
      ETag: ['"0x8D6B9A4DC3DD20F"']
      Last-Modified: ['Fri, 05 Apr 2019 08:58:24 GMT']
      Server: [Windows-Azure-Blob/1.0 Microsoft-HTTPAPI/2.0]
      x-ms-blob-append-offset: ['32768']
      x-ms-blob-committed-block-count: ['9']
      x-ms-request-id: [0063874e-701e-000a-588d-eb28ea000000]
      x-ms-request-server-encrypted: ['true']
      x-ms-version: ['2018-11-09']
    status: {code: 201, message: Created}
- request:
    body: on python world python python python python hello hello hello python python
      world python python python python hello python world python world hello python
      python python python hello hello hello python hello hello world hello python
      python hello python world world world world world hello python python python
      hello hello python world python python hello world python world hello python
      world python world world hello world python world world hello hello world python
      python hello python python world world hello python world python world world
      world hello python world world world python python python world world python
      world python hello world hello hello world python hello world hello world python
      python python hello python python python hello hello world hello hello hello
      python world python hello hello python world hello hello python python world
      python world hello world python python python hello world world world python
      python world world python python world hello python world hello world python
      hello hello python python hello hello hello hello world hello hello python hello
      hello hello hello python world python python python world python python world
      hello hello hello hello python hello world python python python world python
      hello world world world world python python python world world hello world python
      python python world world hello hello python world hello world hello world python
      world python hello hello python world world python world python hello world
      python python world world python hello python python hello python python python
      python world python hello python python hello world hello python python world
      world python hello python world hello world world hello python hello world python
      python python hello python python world world world python hello world hello
      python world hello world world world python world hello python hello hello world
      world python hello world hello python python world python world python world
      world world python python hello world world world world python world hello python
      python world world world world python python world hello python world world
      world world world world world world python python hello world world hello world
      hello world python hello world world python world world hello python world hello
      hello world world world world python hello python hello hello hello python hello
      python python hello world python python python hello python world hello python
      python python hello world hello world python hello hello python python python
      world hello world world python python hello hello python python python python
      world hello hello world hello python hello python world world world world world
      hello python world world world hello world world python hello python world hello
      world hello hello python world python python hello python python world python
      hello hello world world python python world python world hello world world python
      python hello python python world hello world python hello hello python python
      hello hello world hello python python hello hello python hello hello world world
      world python world hello python python hello hello hello world world python
      python python hello python python python hello python world world python python
      python hello hello world world world hello world hello world hello hello python
      hello world world python python world python python python python world python
      world world python world python hello hello world hello hello hello hello hello
      world python hello python world hello world world world python world hello hello
      hello world python python hello hello python world hello hello world python
      hello hello world world python world python python hello world python python
      hello python python hello hello python world hello python python world python
      python world python hello hello world world world hello python hello hello python
      python python hello python world world hello world hello world world world python
      python world world hello hello world python python world python hello hello
      python world world world python world world python world world python wor
    headers:
      Connection: [keep-alive]
      Content-Length: ['4096']
      User-Agent: [Azure-Storage/1.4.0-1.4.0 (Python CPython 3.7.0; Darwin 18.2.0)]
      x-ms-blob-condition-appendpos: ['36864']
      x-ms-client-request-id: [f80ccf2c-5780-11e9-8f47-acde48001122]
      x-ms-date: ['Fri, 05 Apr 2019 08:58:24 GMT']
      x-ms-version: ['2018-11-09']
    method: PUT
    uri: https://storagename.blob.core.windows.net/utcontainerb92d17b5/blobb92d17b5?comp=appendblock
  response:
    body: {string: ''}
    headers:
      Content-Length: ['0']
      Content-MD5: [FN7UTwvnC+mxaDHZgK2sTg==]
      Date: ['Fri, 05 Apr 2019 08:58:23 GMT']
      ETag: ['"0x8D6B9A4DC44FF4E"']
      Last-Modified: ['Fri, 05 Apr 2019 08:58:24 GMT']
      Server: [Windows-Azure-Blob/1.0 Microsoft-HTTPAPI/2.0]
      x-ms-blob-append-offset: ['36864']
      x-ms-blob-committed-block-count: ['10']
      x-ms-request-id: [00638797-701e-000a-1b8d-eb28ea000000]
      x-ms-request-server-encrypted: ['true']
      x-ms-version: ['2018-11-09']
    status: {code: 201, message: Created}
- request:
    body: 'ld hello world python hello python python world python world world hello
      python python python hello hello python world python python world hello python
      world world hello world world world hello python world python hello python hello
      world python hello python hello world hello hello hello hello world world python
      python world world python hello python python world hello hello hello hello
      python hello hello hello world hello python world python python world hello
      python world python world world hello python hello world hello world hello hello
      python python python python hello world hello world python python world hello
      world hello world hello world world world world hello python world world python
      world hello python python world hello world python hello python hello python
      python world hello hello python world world hello hello python hello hello world
      world hello world hello python hello hello hello python python world python
      python hello hello python world python hello hello world world python python
      world python world python world python world python python hello world python
      hello world hello hello hello python world hello hello hello hello world hello
      hello python hello python python world python hello world hello world world
      hello world world world hello python world world world python hello world hello
      hello hello hello hello hello hello world hello python world python world python
      hello world python python hello hello hello python python python python hello
      hello hello hello world hello hello python python hello hello hello python world
      hello world world world world python hello hello hello world world world hello
      hello world hello world world python python world python hello hello python
      python hello hello world world python world hello world world world python python
      world python hello hello hello hello python hello world world hello world python
      python world hello python world world python python python hello python python
      world python python python world hello python hello world python world hello
      python hello world world hello python python world python python hello hello
      python python python world hello hello hello python python python world python
      hello world hello world python world python hello world hello world python python
      hello world python world hello world python world python python python hello
      python world hello python hello hello world python world world world world hello
      world hello hello hello world hello world python world python hello world hello
      hello hello world world world hello world world hello python hello world world
      world world hello hello python python hello hello python hello world hello world
      world world python python hello hello python python hello hello python python
      world python python hello python python hello python python hello python hello
      world world python world python world python python python python hello hello
      python python hello world hello world hello hello world world python python
      hello world world python hello hello hello hello hello hello python world world
      hello world python world world python python hello python world python world
      world hello python world world python world hello world python python world
      python hello hello hello hello hello hello world world hello python hello world
      python hello python python hello python python world hello world world python
      hello world world python world python python world hello hello python python
      world hello python world hello hello hello python python world python hello
      python world python hello world world hello world python world python world
      world python world world hello world hello python hello python hello world python
      hello hello python world world hello world hello world world python python python
      python python hello world world world world world python python hello hello
      hello world world hello world hello world python hello hello world world world
      python world python python world python world world world python python world
      world python python hello hello world python hello python world world python
      hello world '
    headers:
      Connection: [keep-alive]
      Content-Length: ['4096']
      User-Agent: [Azure-Storage/1.4.0-1.4.0 (Python CPython 3.7.0; Darwin 18.2.0)]
      x-ms-blob-condition-appendpos: ['40960']
      x-ms-client-request-id: [f8141840-5780-11e9-8f47-acde48001122]
      x-ms-date: ['Fri, 05 Apr 2019 08:58:24 GMT']
      x-ms-version: ['2018-11-09']
    method: PUT
    uri: https://storagename.blob.core.windows.net/utcontainerb92d17b5/blobb92d17b5?comp=appendblock
  response:
    body: {string: ''}
    headers:
      Content-Length: ['0']
      Content-MD5: [tZAqFx8iqQuhfKFQqSOpVA==]
      Date: ['Fri, 05 Apr 2019 08:58:23 GMT']
      ETag: ['"0x8D6B9A4DC4CA1CE"']
      Last-Modified: ['Fri, 05 Apr 2019 08:58:24 GMT']
      Server: [Windows-Azure-Blob/1.0 Microsoft-HTTPAPI/2.0]
      x-ms-blob-append-offset: ['40960']
      x-ms-blob-committed-block-count: ['11']
      x-ms-request-id: [006387e0-701e-000a-608d-eb28ea000000]
      x-ms-request-server-encrypted: ['true']
      x-ms-version: ['2018-11-09']
    status: {code: 201, message: Created}
- request:
    body: world world hello python python world python world world world python hello
      hello hello hello world world world world hello python world world world world
      hello python world world world world world world hello world world hello world
      hello world world hello world python world hello hello python world world python
      world hello world python python hello hello world hello python world hello hello
      python python hello python hello world hello world world world hello python
      world hello python python world python hello python world world python python
      python world world python python hello hello python python world hello hello
      hello hello python world python python world world hello python python python
      hello hello python hello world world hello hello python hello hello hello python
      python world python hello world hello python world world hello world hello hello
      world hello python world world hello world python hello world python hello python
      python world python python hello hello python world python python python python
      hello hello world python python world hello hello hello hello world python world
      world world world python python hello world world python world world world hello
      hello python hello python hello world python hello hello hello world world python
      world python world world world world python hello python world world world world
      world world python hello python world hello world python world world hello world
      world python world world world hello python python hello python python hello
      hello hello world world python python python world hello world python hello
      hello python hello world hello python world world world python python world
      python python world hello python hello world python world python hello hello
      world python world hello python python world hello hello hello hello python
      hello python python hello python world hello hello hello hello python world
      python hello world python world python python python world world hello python
      world world hello python hello world world world world python python hello hello
      world python hello world hello python hello world python world hello world world
      world hello hello world python hello world world world python python python
      hello world python world world hello world hello world python python python
      world python world world world python hello world hello world python hello hello
      hello python hello python hello world world world hello python world python
      world python world hello python python hello world hello hello world hello python
      world hello hello world world hello python python python world hello hello world
      world python python world world hello hello python world python world hello
      world world python hello world python python hello world hello world python
      hello hello hello python world python world python world hello world hello python
      hello python world hello world hello hello world world hello python hello world
      python python python hello hello world python hello hello python hello world
      world python hello hello python hello world world hello world python world world
      python world world python world hello python python hello world hello world
      world world world python python world world hello python hello python world
      hello hello python hello world hello world hello world python python hello python
      world python world hello world python world python world hello world python
      python world hello world python world world python world hello world hello hello
      world python world hello world hello hello python hello hello python python
      python world python world world hello world hello python python world python
      world python hello hello hello hello hello hello python world python hello python
      world world python hello world python world world hello hello world world hello
      world hello python python world world world python world python world world
      world python hello hello world python python world python python world world
      python python world python hello world world hello hello python hello hello
      world python hello python hello python hello python hello python world world
      hello w
    headers:
      Connection: [keep-alive]
      Content-Length: ['4096']
      User-Agent: [Azure-Storage/1.4.0-1.4.0 (Python CPython 3.7.0; Darwin 18.2.0)]
      x-ms-blob-condition-appendpos: ['45056']
      x-ms-client-request-id: [f81e0dbe-5780-11e9-8f47-acde48001122]
      x-ms-date: ['Fri, 05 Apr 2019 08:58:24 GMT']
      x-ms-version: ['2018-11-09']
    method: PUT
    uri: https://storagename.blob.core.windows.net/utcontainerb92d17b5/blobb92d17b5?comp=appendblock
  response:
    body: {string: ''}
    headers:
      Content-Length: ['0']
      Content-MD5: [uUtJNxidKVE0w3ByJz0J3Q==]
      Date: ['Fri, 05 Apr 2019 08:58:23 GMT']
      ETag: ['"0x8D6B9A4DC564083"']
      Last-Modified: ['Fri, 05 Apr 2019 08:58:24 GMT']
      Server: [Windows-Azure-Blob/1.0 Microsoft-HTTPAPI/2.0]
      x-ms-blob-append-offset: ['45056']
      x-ms-blob-committed-block-count: ['12']
      x-ms-request-id: [00638828-701e-000a-258d-eb28ea000000]
      x-ms-request-server-encrypted: ['true']
      x-ms-version: ['2018-11-09']
    status: {code: 201, message: Created}
- request:
    body: orld python world hello hello hello python hello python hello world hello
      world hello world python python hello python world hello hello python world
      world world world world world world python world world hello hello hello hello
      world python python world hello python hello python python hello python world
      python python hello world hello python python world hello hello world world
      python python python hello python world python python python world python python
      world hello world python hello hello python hello world hello hello world hello
      python python world python python world world hello world world python world
      hello python hello hello python world world world python python world world
      hello python python hello python python hello python python world python world
      python python python hello world python hello hello hello python world world
      python hello hello hello hello world world hello python python hello world world
      python hello hello python python world python world python python hello python
      python hello world hello hello python world hello world world python python
      hello world world world world python hello world python hello hello world python
      hello hello world python world python hello hello python world hello hello world
      python python world python python world world world world python world python
      hello hello world python hello world world hello hello world world python python
      world hello python world python python hello world hello world python hello
      python python world hello world python world hello python world python hello
      python hello world hello hello hello hello world hello hello python hello python
      hello python world world python world python world hello hello world python
      hello hello python python python world python hello world python python python
      python hello hello hello world world python world hello python hello python
      python world python hello hello python python world python world world world
      world python hello hello world world python hello python hello world world python
      world world hello python hello python python world world world world python
      python world hello hello python python python world python hello world hello
      python python world world world world hello python world python python python
      world python world world python python hello world world python python world
      python hello python world world world python python world world hello world
      python hello world world world python hello world world python world hello python
      hello python python hello world hello hello hello python python python world
      hello world world world world world hello hello python hello world hello python
      world python world world hello hello python world hello hello hello world python
      python hello world world world hello hello hello python python world hello hello
      world python world python world python python hello hello hello world python
      world hello python hello python world world python hello hello hello hello python
      python python world python world python world python python hello hello hello
      hello python python python hello world world python hello hello world world
      python hello python world hello world hello world python hello python hello
      hello python hello hello python python hello python python hello hello python
      hello world python python python python hello python python python world world
      python hello python world python hello world hello python python world world
      hello python world world world hello hello world hello world hello python world
      python hello hello world world world python hello python hello world python
      hello hello python hello world hello python world hello world python hello python
      python world world hello world python world python world hello python python
      world world hello python python python hello hello python python world world
      hello python hello hello world python world hello world python python hello
      hello world hello world python python python hello python python hello hello
      python world hello hello world world hello world python hello world world world
      hello python python hello pyt
    headers:
      Connection: [keep-alive]
      Content-Length: ['4096']
      User-Agent: [Azure-Storage/1.4.0-1.4.0 (Python CPython 3.7.0; Darwin 18.2.0)]
      x-ms-blob-condition-appendpos: ['49152']
      x-ms-client-request-id: [f825610e-5780-11e9-8f47-acde48001122]
      x-ms-date: ['Fri, 05 Apr 2019 08:58:24 GMT']
      x-ms-version: ['2018-11-09']
    method: PUT
    uri: https://storagename.blob.core.windows.net/utcontainerb92d17b5/blobb92d17b5?comp=appendblock
  response:
    body: {string: ''}
    headers:
      Content-Length: ['0']
      Content-MD5: [ECfD+4FYaPBPxXkCTfgx2Q==]
      Date: ['Fri, 05 Apr 2019 08:58:23 GMT']
      ETag: ['"0x8D6B9A4DC5DBBEC"']
      Last-Modified: ['Fri, 05 Apr 2019 08:58:24 GMT']
      Server: [Windows-Azure-Blob/1.0 Microsoft-HTTPAPI/2.0]
      x-ms-blob-append-offset: ['49152']
      x-ms-blob-committed-block-count: ['13']
      x-ms-request-id: [00638861-701e-000a-5b8d-eb28ea000000]
      x-ms-request-server-encrypted: ['true']
      x-ms-version: ['2018-11-09']
    status: {code: 201, message: Created}
- request:
    body: 'hon python python python hello world hello hello python hello python world
      world hello world world world hello world hello hello world world world python
      hello hello hello world world python python hello python hello world world hello
      python python hello world hello hello python hello hello hello hello hello hello
      hello python hello hello python world python python world python python world
      hello world python python world python world world python python python world
      world python world python python world python python hello hello python world
      world world hello python python hello python hello world python python world
      world world world hello world python world world python hello world hello python
      world python world world python hello python hello hello world world python
      hello hello hello hello python world python hello world hello python hello world
      python python hello hello python hello world python world world python world
      hello python python hello python world world hello world hello world world world
      python hello hello world python python hello python world hello python hello
      world python python world python hello world world world world python world
      python world hello hello python python world python hello world python python
      python python world world hello world hello hello hello python python world
      python world world python python world hello python hello hello python hello
      python world python python world python hello world hello hello world python
      hello python world hello python hello world world python hello python hello
      world hello world python python python world python python hello world python
      python hello world hello world world world world world python python python
      python python hello hello world world hello python python hello world world
      world world python world python python python hello python python hello python
      hello world world hello hello hello world hello world hello hello world hello
      python world hello world hello hello python world world world world world hello
      hello hello python world hello world world hello world python hello hello hello
      python hello python world python world python python python world python world
      world hello python hello hello hello python python python python hello python
      world python hello python world world hello hello world world hello hello hello
      hello world hello hello hello python hello python world world hello hello world
      hello python hello world hello hello world hello world python hello python world
      python python world world hello hello python hello python hello world hello
      python hello python hello hello world hello hello python world hello python
      world python world python hello hello hello python hello python hello world
      world world hello python hello world python world python world python python
      world hello hello world world hello hello hello world python world hello python
      hello world world hello world world python hello world hello world python hello
      python python world python hello world world python hello world world python
      hello world python world world python world python hello world python world
      hello hello python world python hello world world python hello hello hello hello
      python hello python python world world world hello world hello python world
      python python world world world world python python python world hello world
      python python world python world world world hello python python world world
      python world world python world python python python hello hello world python
      hello hello python hello python hello python world hello world world world world
      world python hello hello world python hello hello hello hello hello hello world
      hello world world world python hello python python python world hello hello
      world python hello world world python world hello world world hello python hello
      world hello hello hello python python hello world hello hello world hello hello
      world world python hello world python hello python world hello world python
      python hello python world python python hello python hello hello world hello
      python python python hello hello '
    headers:
      Connection: [keep-alive]
      Content-Length: ['4096']
      User-Agent: [Azure-Storage/1.4.0-1.4.0 (Python CPython 3.7.0; Darwin 18.2.0)]
      x-ms-blob-condition-appendpos: ['53248']
      x-ms-client-request-id: [f82ca9aa-5780-11e9-8f47-acde48001122]
      x-ms-date: ['Fri, 05 Apr 2019 08:58:24 GMT']
      x-ms-version: ['2018-11-09']
    method: PUT
    uri: https://storagename.blob.core.windows.net/utcontainerb92d17b5/blobb92d17b5?comp=appendblock
  response:
    body: {string: ''}
    headers:
      Content-Length: ['0']
      Content-MD5: [WCWClNAZ/In58JsJipiZuA==]
      Date: ['Fri, 05 Apr 2019 08:58:23 GMT']
      ETag: ['"0x8D6B9A4DC651043"']
      Last-Modified: ['Fri, 05 Apr 2019 08:58:24 GMT']
      Server: [Windows-Azure-Blob/1.0 Microsoft-HTTPAPI/2.0]
      x-ms-blob-append-offset: ['53248']
      x-ms-blob-committed-block-count: ['14']
      x-ms-request-id: [00638893-701e-000a-078d-eb28ea000000]
      x-ms-request-server-encrypted: ['true']
      x-ms-version: ['2018-11-09']
    status: {code: 201, message: Created}
- request:
    body: world hello hello world python world python world python python world hello
      world world world hello hello world world python python world python world world
      hello python hello hello world world python hello python world world world world
      hello python world python world python world world hello python hello python
      python python hello world python hello hello hello world world python world
      world hello world python world python world world hello world python world python
      python world hello world world world python python hello python hello hello
      world python world hello world python world hello hello world hello world hello
      hello world hello hello hello hello world python world world python python world
      hello hello python world world hello python world world world world hello python
      python python world python hello hello world hello python python hello python
      hello world python hello python python python python python python hello python
      world world hello hello world hello world world python hello python hello python
      world hello world python hello world python world hello hello world world python
      hello hello world python python world hello world world hello world python python
      world python python python hello world python python python hello world python
      world hello world python python hello hello hello python hello python world
      hello python python hello python hello world hello hello hello world world hello
      hello world python python world world python world world hello world python
      hello hello python hello hello hello world python python hello python hello
      hello world python hello python python python world hello world hello python
      world world python hello python world hello world python python python python
      python hello hello hello hello hello hello python hello world hello python world
      hello hello python world hello python hello python hello world world world hello
      hello world hello world hello world python python python hello hello world python
      python hello hello python world world world world world hello world python world
      python world python world hello hello hello python hello world world python
      world world hello python world python hello hello world python world python
      python world hello hello world python hello world hello python python hello
      python python hello python python world world python hello world hello python
      python hello python world hello world world python python python world hello
      hello python python hello python world python hello world world hello python
      python python hello hello world hello hello hello hello python world world world
      world hello world world python hello python world python hello hello hello python
      hello world python world world world python python hello hello python hello
      python python world python hello python python world hello world hello hello
      python world python world python python hello hello hello world python python
      hello hello hello hello hello hello python python world hello hello python world
      world hello hello hello hello python hello python python hello python world
      hello hello python python hello world python hello hello world hello python
      python python world world world world python world python hello python world
      world world world python hello hello hello hello world world python world hello
      world python python hello python world python python python world hello hello
      hello hello python hello python hello python world hello world hello hello world
      python world world hello python python world python hello world world world
      hello hello world world python hello python world world python hello hello hello
      python world world python hello hello hello python hello world world python
      world world world hello python python hello python python world python hello
      world python world hello hello python hello hello hello world world hello hello
      python hello world hello world python hello python world python python world
      world python hello world world hello world hello hello hello world hello world
      hello python hello hello world world hello python python hello python world
      python wor
    headers:
      Connection: [keep-alive]
      Content-Length: ['4096']
      User-Agent: [Azure-Storage/1.4.0-1.4.0 (Python CPython 3.7.0; Darwin 18.2.0)]
      x-ms-blob-condition-appendpos: ['57344']
      x-ms-client-request-id: [f833e24c-5780-11e9-8f47-acde48001122]
      x-ms-date: ['Fri, 05 Apr 2019 08:58:24 GMT']
      x-ms-version: ['2018-11-09']
    method: PUT
    uri: https://storagename.blob.core.windows.net/utcontainerb92d17b5/blobb92d17b5?comp=appendblock
  response:
    body: {string: ''}
    headers:
      Content-Length: ['0']
      Content-MD5: [vY8vPqgYz5LfSi4VwJrzfw==]
      Date: ['Fri, 05 Apr 2019 08:58:24 GMT']
      ETag: ['"0x8D6B9A4DC6BEF58"']
      Last-Modified: ['Fri, 05 Apr 2019 08:58:24 GMT']
      Server: [Windows-Azure-Blob/1.0 Microsoft-HTTPAPI/2.0]
      x-ms-blob-append-offset: ['57344']
      x-ms-blob-committed-block-count: ['15']
      x-ms-request-id: [006388be-701e-000a-308d-eb28ea000000]
      x-ms-request-server-encrypted: ['true']
      x-ms-version: ['2018-11-09']
    status: {code: 201, message: Created}
- request:
    body: ld world world hello python hello world world hello python world python
      python hello hello python hello python hello world hello world hello python
      hello world python world world world world world world world python world python
      python python hello hello python hello python python hello python hello world
      python python world python hello python world hello python hello hello world
      python python hello python world world world world hello world hello hello world
      world python python world python python python world world python world python
      python python world python world world hello hello hello world world python
      world python world hello world python world world hello world world world python
      world hello world python world hello python hello hello hello python python
      hello python python hello hello python world python world world world hello
      world hello world hello python hello python hello python hello world hello hello
      world world hello hello python python world hello python hello hello world python
      world python python python hello hello hello python hello hello python world
      hello python world python hello world world world world python python hello
      hello python python hello hello hello hello hello python hello world world world
      hello python hello python world python hello world hello hello python world
      hello python hello hello world hello hello python hello python python python
      world world world hello world hello hello python hello hello python hello world
      hello hello hello python world hello world hello hello hello python python world
      python hello world python world python python world world python hello hello
      hello world world world python world world python python hello python world
      world hello world world world hello python hello python python hello world world
      hello python world python python hello world world hello world python python
      hello world hello world python python world hello python world python python
      python hello hello world hello python hello python hello hello python python
      world hello python python hello world python world python world world python
      python world world hello hello hello python python world world world world python
      hello hello world python hello world python python hello python hello python
      world python hello python world hello python hello world python world hello
      hello world hello hello python python world hello python world python hello
      hello python hello python hello hello world world hello world hello hello python
      python world hello world python world hello hello hello hello python world world
      world hello python world python python world python hello hello hello hello
      python python python world hello python world hello world python world python
      hello python world hello world python python world python hello python hello
      hello python hello hello world hello hello python hello python world world hello
      python python python python world world python python hello hello python world
      python python hello world world python python hello hello hello world python
      hello hello python python world python world world world python python world
      python python hello world world hello hello hello world world python python
      python hello hello world python world python python hello hello hello hello
      world world hello python world hello python world hello world world hello hello
      python hello hello world hello world hello hello python python hello hello world
      hello hello world hello hello python python python python world world world
      world hello world python python world python python python hello hello hello
      python hello python world hello python world hello hello world python world
      python world python python hello hello python python world world hello hello
      world python world world hello world hello python world world world python python
      world python hello hello world python world hello world hello hello python python
      hello hello hello world hello hello python world world hello python world hello
      python python python python world python python world python world python python
      python world world python py
    headers:
      Connection: [keep-alive]
      Content-Length: ['4096']
      User-Agent: [Azure-Storage/1.4.0-1.4.0 (Python CPython 3.7.0; Darwin 18.2.0)]
      x-ms-blob-condition-appendpos: ['61440']
      x-ms-client-request-id: [f83b0a22-5780-11e9-8f47-acde48001122]
      x-ms-date: ['Fri, 05 Apr 2019 08:58:24 GMT']
      x-ms-version: ['2018-11-09']
    method: PUT
    uri: https://storagename.blob.core.windows.net/utcontainerb92d17b5/blobb92d17b5?comp=appendblock
  response:
    body: {string: ''}
    headers:
      Content-Length: ['0']
      Content-MD5: [8Nq7NEKK8558Y/6U9mfJxQ==]
      Date: ['Fri, 05 Apr 2019 08:58:24 GMT']
      ETag: ['"0x8D6B9A4DC7391DC"']
      Last-Modified: ['Fri, 05 Apr 2019 08:58:24 GMT']
      Server: [Windows-Azure-Blob/1.0 Microsoft-HTTPAPI/2.0]
      x-ms-blob-append-offset: ['61440']
      x-ms-blob-committed-block-count: ['16']
      x-ms-request-id: [006388f6-701e-000a-668d-eb28ea000000]
      x-ms-request-server-encrypted: ['true']
      x-ms-version: ['2018-11-09']
    status: {code: 201, message: Created}
- request:
    body: thon
    headers:
      Connection: [keep-alive]
      Content-Length: ['4']
      User-Agent: [Azure-Storage/1.4.0-1.4.0 (Python CPython 3.7.0; Darwin 18.2.0)]
      x-ms-blob-condition-appendpos: ['65536']
      x-ms-client-request-id: [f84262ea-5780-11e9-8f47-acde48001122]
      x-ms-date: ['Fri, 05 Apr 2019 08:58:24 GMT']
      x-ms-version: ['2018-11-09']
    method: PUT
    uri: https://storagename.blob.core.windows.net/utcontainerb92d17b5/blobb92d17b5?comp=appendblock
  response:
    body: {string: ''}
    headers:
      Content-Length: ['0']
      Content-MD5: [iKKgeRCCfhisuaF5vl/XmA==]
      Date: ['Fri, 05 Apr 2019 08:58:24 GMT']
      ETag: ['"0x8D6B9A4DC79D48C"']
      Last-Modified: ['Fri, 05 Apr 2019 08:58:24 GMT']
      Server: [Windows-Azure-Blob/1.0 Microsoft-HTTPAPI/2.0]
      x-ms-blob-append-offset: ['65536']
      x-ms-blob-committed-block-count: ['17']
      x-ms-request-id: [00638931-701e-000a-1e8d-eb28ea000000]
      x-ms-request-server-encrypted: ['true']
      x-ms-version: ['2018-11-09']
    status: {code: 201, message: Created}
- request:
    body: null
    headers:
      Connection: [keep-alive]
      User-Agent: [Azure-Storage/1.4.0-1.4.0 (Python CPython 3.7.0; Darwin 18.2.0)]
      x-ms-client-request-id: [f848e96c-5780-11e9-8f47-acde48001122]
      x-ms-date: ['Fri, 05 Apr 2019 08:58:24 GMT']
      x-ms-range: [bytes=0-33554431]
      x-ms-version: ['2018-11-09']
    method: GET
    uri: https://storagename.blob.core.windows.net/utcontainerb92d17b5/blobb92d17b5
  response:
    body: {string: ' python python python world world hello world hello world world
        hello python hello hello hello hello hello hello python world python python
        world hello hello hello python python hello hello world world hello python
        python world hello python world python python hello hello world python hello
        python world hello python hello world hello python world python world hello
        world world world hello hello world hello hello hello world python python
        world hello world python python hello hello python python hello hello hello
        world world hello hello world python python python python hello python world
        world hello world world hello world python world hello python python world
        world python hello world world hello world world world python world hello
        hello hello world python python hello world python world python hello hello
        world python world hello python hello world python hello hello world python
        hello world python hello world hello world world python world world hello
        hello hello world world world hello hello world python world hello hello world
        hello hello python world world hello hello world world world hello python
        hello world python hello hello world python world hello world world world
        hello hello hello world hello world world python world world hello hello world
        world hello hello python hello world python hello python python world python
        world python hello hello python hello python hello hello python world python
        hello world world hello world hello hello hello python world python hello
        hello hello world python python world hello hello hello hello hello hello
        world python hello world python hello python world python hello hello python
        world hello world python world hello world world python world python world
        world world world hello hello world hello python hello hello hello hello python
        world world python hello python hello hello world world python python python
        world hello hello hello world hello hello hello python hello hello python
        python python python python world world hello world python python world world
        python hello hello world python world world python world hello python python
        hello python hello python hello python hello world python python python hello
        python hello world python python hello hello python python world world hello
        hello python python python world hello python world world world world world
        world world world world hello hello python python world world python world
        world python world world python world world python python python hello world
        hello world world python world world world python python python python world
        python python python hello python hello hello python python world python hello
        python hello python python hello world python world python world world hello
        python hello python world world world world python world hello world python
        python python hello python hello world python world python world world python
        python world world world hello python python world hello world python hello
        world world world python python world python world world python hello python
        world python world python hello hello python world world world hello world
        hello hello hello world world python python python world python world python
        hello world world world python python hello python world world world hello
        world world python python world hello python hello python python python hello
        hello world python python world hello python world python world world python
        world hello hello world hello python world world world hello hello world hello
        hello world hello python hello hello python hello python python python python
        hello python hello hello python python python hello world hello world python
        world world hello world python hello python python world world python world
        hello python hello world hello hello world hello hello hello world hello world
        hello python world python python python hello python world hello python world
        world hello hello hello hello world hello world python world python hello
        hello hello hello python python world python world python python hello world
        hello python python hello python python hello hello python world python world
        hello world python hello world python hello hello hello world python world
        world world python python python hello python hello world python world python
        hello python world hello hello python python hello hello world hello world
        hello hello hello world world python world python hello python world python
        world world python world python python hello hello python python world hello
        world world python world world hello world hello hello hello world python
        hello world python python world hello world world world python world world
        hello hello world world hello hello world python hello world hello world world
        python world python python world python python hello world hello python world
        world python python hello python python world hello world world hello python
        python python python hello world world python python world python python python
        hello python hello hello hello python python python hello world world python
        python python python world hello world world world world python python python
        python world python python python world world hello python python python hello
        python python hello world hello python python hello world python hello world
        hello python world python world world world world hello python hello hello
        python python world hello python python hello python world hello world world
        python python world python hello python python hello world hello world python
        world hello python hello python python python python hello hello world python
        world hello python python world world hello python python python world hello
        python hello hello world world world world python hello hello hello python
        python hello hello world python world python hello hello hello python world
        hello python hello hello python hello hello hello python hello python hello
        hello hello python hello world hello world python hello hello python world
        hello hello hello hello hello world python hello hello python world python
        python python world python hello hello python hello hello hello world world
        world python python world python python python python python world hello world
        world python hello python hello world world python python hello world python
        hello world python python python world python python hello hello world hello
        hello hello python python world python python python hello world hello world
        world hello world world python world python hello python world world python
        python world python world python world hello python world hello python hello
        world world python hello hello hello python hello world hello world python
        python world world world python python hello hello world world world hello
        python python python hello world python world world world hello world world
        world world python python python python world python world hello world python
        world python python python python python python python python python world
        world hello python world python world python world python python hello python
        python python hello world hello hello python hello world world hello python
        world python world hello world world python hello hello world python hello
        world hello hello hello python python python hello python world hello world
        python world hello world world python world world hello python python world
        hello hello python world world hello world world world hello world world python
        python hello world python hello python world hello hello hello python python
        world world python world world python world hello python world hello python
        hello world hello python hello python hello hello python hello python world
        python python world hello hello python hello world hello world world python
        python world hello hello world world python world world python world python
        world world world python python python world world world world hello world
        world hello hello python hello python world hello world world hello world
        python hello hello hello world world python hello hello world hello world
        hello hello world python python hello hello python world python hello world
        world python python world python world world hello python python world python
        hello world python python hello world python world hello python hello python
        hello python hello hello hello world python world world hello python hello
        world hello world world world python world python hello python hello python
        python hello python python world python python hello python world python python
        python world hello world world hello python python python python world python
        python hello world python python hello world world world python hello hello
        python python world world python python hello hello world python python world
        world python world python hello python world world world hello hello world
        hello python hello python hello python python hello python hello hello hello
        hello world hello world python python python hello python python python python
        python world hello python python world python world python world python world
        hello python python world python python python python python world python
        python world world hello python world world python world python python hello
        world world hello world python world python world python world hello hello
        hello hello world python world hello python hello python world world world
        python python hello world world hello world world hello world python python
        world world python python python python python python python python world
        world python python hello hello python python python world python python hello
        python python world python hello python hello world python hello hello hello
        python python hello python hello world hello world world python hello hello
        hello hello world world hello hello python world hello python world hello
        hello world world python hello hello world hello hello python world world
        hello world hello world python python hello hello python hello world hello
        world hello world world world world world python world world python world
        hello python python hello world world hello world python hello python hello
        world world hello python world world python hello python hello hello hello
        python world hello python hello python python hello python python hello hello
        hello hello hello world python hello python hello hello world world python
        world python hello world world world python hello hello world python hello
        world world python hello python hello python hello world hello hello hello
        world python world world python python world python hello hello hello python
        world world world world world world python python world python python hello
        hello world python world python python world world python hello hello world
        hello world python hello hello hello hello world python hello hello python
        world world python hello world python world world world world world python
        python python hello world python hello hello world python world hello world
        python hello hello hello world world python hello world hello python python
        world python world world python python python python python world hello python
        python python python python hello world python hello python hello hello world
        world hello world python hello world world hello world python world python
        python python hello python hello world hello hello hello world python hello
        python python hello python hello python world python world hello python world
        hello python hello hello python world python world world python python world
        world world python world hello python hello hello python world hello world
        hello hello python python python hello world world world python world python
        hello world world world python world python python hello hello world python
        world world python hello world world hello world hello hello hello world python
        hello python world python world world world python hello python hello world
        hello python world hello hello hello hello hello python world world world
        hello hello hello world python hello world python world python python python
        python world python python world world hello hello hello python hello python
        python hello world python hello hello hello python hello python python world
        hello hello python world python world hello world world world python world
        world python python python world world python hello hello python python hello
        python hello world hello python hello world world python hello world world
        world world world python python python world world python hello python python
        python python python hello world world python python python hello world world
        python hello python python world python hello hello hello world hello python
        python python hello hello world world hello python hello hello hello python
        python world hello hello world python python world world python python world
        python hello hello hello hello python hello hello python python world world
        world hello hello world python python python hello world hello hello hello
        python hello python hello world python world python world hello world python
        world python python python world hello python world python world python python
        hello hello python world python hello python hello world world hello python
        world world hello world world world python python hello hello python python
        hello python python hello world python world world hello hello world world
        python world hello hello world hello world world world hello hello world python
        hello python world world world python world world world hello world python
        world python world python world world python python hello python hello python
        hello hello world world python hello world python world hello python python
        hello python hello python python hello python python hello world hello python
        world hello world python hello hello hello hello python python world hello
        world world hello world python hello hello python python world hello python
        hello hello python python python world world hello hello world hello python
        world world world python world python hello world python hello world hello
        hello python hello hello hello python python python python hello hello python
        hello hello hello python hello hello world python world hello python hello
        world hello world world python hello world python hello python world python
        world python hello python python world world hello python world hello world
        hello python python python hello hello world python hello world python hello
        python python hello python hello hello python world python world hello world
        world world hello hello python python hello python hello hello world hello
        world hello hello hello world world hello world hello world python world world
        hello world hello python python python hello hello python hello hello world
        hello hello hello hello hello world hello hello python world hello python
        python python hello hello python hello hello world hello python python python
        hello python python python hello hello world hello python world world world
        hello hello python python world hello hello world python python world hello
        python hello world hello python hello world hello world python python world
        hello python world python python world python hello world python world hello
        world python hello hello hello python python world python world world hello
        hello hello hello hello python world world world python hello world hello
        world hello hello hello python python python world world hello world world
        world world hello python hello world python python world world python hello
        python python python python world hello hello hello world world hello hello
        python world world hello hello hello python world hello hello world hello
        python python world python world hello hello world python python world hello
        hello hello hello hello world python python python python hello hello hello
        hello world python python hello hello hello hello world hello hello hello
        hello python hello hello hello hello world python python hello world python
        python python hello hello python hello world hello hello python python python
        hello world hello world world world world python python hello world world
        world world world hello hello python hello world world python hello python
        world hello hello python python world hello hello python hello hello world
        python world python python world hello world python python hello python world
        world world hello python python world hello world python python python python
        python hello world hello python hello python python hello python hello hello
        python world world python world world python hello hello python world hello
        python world world hello hello python python python python python python hello
        python world hello hello python hello world world python hello world hello
        python world world hello hello world python world python python hello hello
        python hello world world python world world python python python world python
        hello world world hello python python hello world world hello python hello
        hello hello world python python world hello hello python hello python hello
        world python python hello hello world hello hello hello python world hello
        world world world python python world hello world hello hello hello world
        world hello hello python python python python hello hello hello world hello
        python python world world world python world hello world world world hello
        hello hello hello world hello world world world python hello python hello
        python world python hello world python hello world python hello python world
        world hello python python python world hello world hello world world python
        hello python hello hello hello world hello hello python hello world world
        python hello hello python world python python hello world python python hello
        world hello hello hello python world python world world python world python
        hello hello world world world hello hello world hello python world python
        python world world python world world hello world hello hello python world
        world hello hello world python python hello world python world python world
        world python world python world python python hello hello python python hello
        hello world hello hello world python python world world hello python world
        hello hello hello hello hello python python python world world hello hello
        hello hello python world python hello hello world python python world world
        world world python hello python world python hello python world world hello
        python python hello world hello hello python world hello world world world
        python python world hello world python python hello python world python hello
        python python hello hello world world python world hello hello world world
        hello python python hello hello hello python hello python hello python python
        world python python hello world hello python python python python world python
        world hello python world python python world world world world python world
        world python python python hello world python world hello world python python
        python hello hello hello world world python world world python hello hello
        python world world world world world python python hello hello hello hello
        python hello world world world python hello hello python hello hello hello
        world world hello python python world python hello world hello hello world
        hello world world python hello python python python hello hello python python
        hello python hello hello world world python python python python python python
        world world hello hello python hello world python python world hello python
        world python python hello python hello hello world python world world hello
        python python world world world python hello python hello hello python hello
        hello hello world hello python hello world world world hello hello python
        world python python world python world world python hello python python hello
        hello hello world python hello hello hello python world hello python python
        hello hello world hello world world world python python python python python
        python hello hello python python hello hello world world world hello world
        world world hello python hello world world hello world hello python world
        world hello python world hello world hello hello world world world hello hello
        python world hello python hello python python python hello hello python python
        python python hello python hello hello python world hello hello hello python
        python hello python python world world world python hello python python python
        hello python hello hello hello world python world world hello hello python
        python hello world python world hello hello world python world python world
        python hello world python hello world world python hello python python python
        world world world hello python hello python world world world world world
        python python python python python python python world world world world python
        hello world python world world hello hello world hello python python world
        world world world world python hello python hello world python world world
        hello hello python world world world python python world world hello hello
        python python world hello world world world hello world hello python python
        world python world python python hello world world python world python world
        hello hello hello hello python world python hello world python python world
        world world python world hello python world python world hello python world
        hello python python hello hello world python hello python world world hello
        world hello world python python world world hello world hello world python
        python world python hello world world hello hello world hello hello python
        world hello world world hello world world world world hello hello python world
        python hello python world hello world hello python world hello world hello
        python hello world world world hello python hello python hello world hello
        world python python python world python world world world world hello python
        hello hello hello hello hello world hello world python python world hello
        world world world world hello python python hello python world world python
        hello world world world world hello world world hello world world python hello
        python hello hello hello hello world world world python hello python world
        python world hello world world world python hello hello world world hello
        world world hello python python hello world hello hello world hello world
        python python python python world python python hello hello world hello hello
        python python python python python world python hello hello hello hello world
        python python hello hello hello python python python world world hello world
        python python hello world hello hello python world python world hello world
        python hello world hello python world hello hello hello world python hello
        python world python hello world hello python world hello python world world
        hello python python hello python world world world python hello world hello
        world python python world world hello world python world python world world
        hello python world world hello world hello world world python hello hello
        python hello hello hello python hello world python hello hello world world
        python hello hello hello python hello hello python hello hello world python
        hello world world world hello hello python python hello world python python
        world world hello hello hello hello world hello hello python world hello world
        hello hello hello python world hello hello world python python python world
        python world hello world python world hello hello python hello python python
        world python python python python python python hello python world world hello
        hello hello python python hello hello python python hello python world hello
        hello world hello hello python python hello python hello python world python
        hello python python python hello hello world world python world world world
        world world python python world hello world hello world world python hello
        world world world python world world world world python world hello hello
        python world world python world world hello world python world python hello
        world world hello python python python python world world python python hello
        world hello python python python hello world python python world python python
        world python python python hello world world python python world python python
        world hello hello world python python hello python world python hello world
        python python hello python hello hello hello hello world python python world
        hello hello hello hello hello hello world hello hello python world world world
        python python world hello hello world python python world hello python world
        world world python hello hello hello hello world world world world world hello
        world world world world hello python python python hello hello python python
        hello world world hello hello hello world hello world python python world
        python hello python hello hello world hello hello python python hello world
        hello world world python python hello world python python hello python python
        world python hello python hello world hello python python python hello hello
        python python python world world world python world hello hello python hello
        python hello python world hello python python python world python hello python
        hello world hello hello world world world world hello python python python
        world world hello world hello world hello python hello python world python
        world python hello python world world hello world python world world hello
        hello python world python python world hello hello hello hello hello hello
        world hello python hello world python hello python python python python world
        world hello hello python hello python python world hello python python hello
        hello python python python world world hello python world world python world
        hello world world hello world python hello python python world python python
        world world python python world hello python hello hello hello world hello
        python world hello python world hello hello python hello python hello hello
        world world python world hello world python python world python python world
        hello python hello python python hello python world world hello python python
        world hello python python hello world world hello hello hello hello hello
        world world hello world world hello hello python python hello hello python
        python world python world hello world python hello hello python hello world
        python python python hello python world hello hello python world world python
        hello world hello hello world python python python world python hello hello
        python world world world hello python hello python world hello world python
        python python world python python python hello world python python hello world
        world hello hello python hello hello world python hello world world python
        hello world world python hello hello world world world world hello world hello
        world hello hello hello python python hello hello world world hello world
        world python python world hello hello python python python hello hello hello
        hello python world hello hello world hello hello hello python python hello
        world hello python hello python hello world hello python world hello hello
        world python hello world hello hello hello hello python hello python world
        hello world world world hello hello python world world hello python world
        hello world hello world world hello python world world hello python python
        world python python python python hello python python python hello python
        world hello python world hello world hello hello world hello hello python
        world hello python hello hello hello python hello world python world world
        world world hello python world hello hello hello python world python world
        python python world hello world python python python hello hello hello python
        world hello world hello python hello hello world world world world python
        world hello python world world hello hello world world hello python hello
        world world python hello world hello hello python hello hello python world
        hello hello hello world world hello hello hello hello hello hello world world
        hello python python world python world python world world python world world
        world hello hello hello python python world hello python python world world
        hello world world python hello world hello world world python python world
        hello world hello hello hello python world world hello world hello world world
        hello python hello hello python hello python hello hello python world world
        world python world python python hello python world hello python world world
        world world hello hello python world python python hello world hello python
        world world hello hello world hello world world world python python world
        hello hello hello world python python python world world hello python hello
        world world hello hello hello python hello hello hello python hello hello
        hello hello hello hello hello world hello python hello python world world
        python world world python world hello hello hello world hello python world
        python world hello hello world world hello python python hello world python
        python python hello hello python hello python python world hello world world
        python world hello python python python world world python python world world
        python hello hello python python world python world hello world world world
        world python world world world hello hello world hello hello world world hello
        python hello world python hello world hello world hello world python world
        hello hello hello world world hello hello world world hello hello hello world
        world python python world world hello hello hello hello hello python python
        hello world hello world python world hello hello python python python world
        hello hello python world world python python hello python hello world python
        world world hello world world hello python python world python python python
        world hello world world world hello python python python hello hello world
        hello world world python world python hello python python hello world python
        python hello hello world hello hello python python python hello python python
        hello python python hello world python hello world world world world python
        world world python python world hello python world world python world world
        hello world python hello python python world python hello python python hello
        world world hello hello python world hello python hello python hello python
        python hello hello hello hello python hello python world hello python world
        python hello world world python world python world hello python hello python
        hello python python python world world hello python python python world hello
        python world world hello world world python world hello world hello hello
        world python python hello python hello python world python world world python
        hello world hello world hello world world python hello world hello world hello
        hello hello hello python world hello python python world python world world
        hello hello python python python world hello python hello world hello world
        python python python world hello world hello python hello hello python python
        hello world world world python hello hello python hello hello hello python
        hello world hello python python python world hello python hello hello hello
        hello hello hello hello world hello world world world hello hello hello hello
        world python world world python hello hello hello hello python world hello
        world world python hello world world hello hello python world world hello
        world world hello world hello world python world world python python python
        hello python hello world python hello world python hello python hello world
        python world python hello python hello python hello world python world python
        hello world hello world python world python world python world python hello
        hello world world python world python python world python hello world world
        world world world hello world hello python world python world python hello
        hello hello hello python hello hello world python python python world world
        hello hello world hello world hello hello python python hello world hello
        world hello world world hello hello python world python python world python
        python hello python python python world world hello world hello world python
        world hello hello world world python world hello python hello hello python
        world world hello hello hello python hello python world hello hello world
        python hello python python python hello hello python hello hello world world
        world world python python python world world python hello python world hello
        hello world hello python world python python hello python python world hello
        python hello python python python python hello hello python python world python
        python hello python hello python python world world hello python hello world
        python hello hello python world hello hello world python world hello python
        hello world hello world hello python python world world world python world
        world world hello python hello hello world hello hello world hello python
        python python hello python world hello python hello world python python world
        world world python world hello hello hello hello python world python world
        hello hello world python python python world python world python world hello
        python python world hello hello world world world python hello python python
        python hello python world world hello python hello hello python python python
        hello world world python python world python world world world hello hello
        python world python hello hello world python world python world world python
        world world python world world python python hello python python hello python
        python python python hello python python world world python world world world
        python hello python world hello world world world hello hello hello python
        world python python hello hello hello hello hello hello world python world
        hello hello python world world hello python world hello python world hello
        world hello hello world python hello world hello world python world world
        python hello python hello hello world world world hello python hello hello
        python world python world python python python hello python world hello python
        world hello hello world python world python python world world hello python
        world hello python python world python world python world world hello world
        hello hello python world world hello python hello python world world hello
        world python hello world python hello hello hello hello world hello python
        python hello python world python hello python python world world hello python
        python world python hello hello python hello python hello hello python python
        hello hello hello hello python hello python python python world python world
        world python python python world world hello python hello python python python
        python python python python hello hello world python python world hello world
        python python hello world world world world hello hello python hello python
        hello python hello hello hello world world hello hello world hello hello python
        python hello hello hello python python world python python python world python
        world python world hello python hello python world python world world python
        world python python python hello world hello world world python world world
        hello python world hello python python python python world hello python python
        hello world python world python python python hello world world python python
        hello hello python python world python python hello python world python world
        world world hello hello world python python world world hello python world
        world hello python hello python world python world python python hello python
        python hello world hello hello python python world python hello world world
        world hello hello world python python hello python world hello hello world
        hello world hello hello world world python python hello hello world world
        world world python hello world world hello hello world world python world
        hello python python hello hello hello world hello python world hello hello
        hello hello hello hello world hello python world world hello world world world
        hello python python python hello python world world python python hello hello
        hello hello world hello world world python python python hello world world
        python world python python hello world world hello python hello python world
        world world world python python world python world hello python hello world
        python python python python python world python python python python hello
        world python world python world world python hello python python python world
        python hello hello python python python hello world world hello hello python
        world python hello world world world hello world world world world hello python
        python hello hello python hello world world world python hello world python
        hello hello python python hello python world python python python python world
        hello world world world python hello hello python world python hello hello
        world python python hello hello world hello hello hello python python python
        hello python hello python world hello world hello world python hello hello
        python python python world world world python hello python python python python
        python world python python python python hello hello hello python python world
        python python python python hello python world python world hello python python
        python python hello hello hello python hello hello world hello python python
        hello python world world world world world hello python python python hello
        hello python world python python hello world python world hello python world
        python world world hello world python world world hello hello world python
        python hello python python world world hello python world python world world
        world hello python world world world python python python world world python
        world python hello world hello hello world python hello world hello world
        python python python hello python python python hello hello world hello hello
        hello python world python hello hello python world hello hello python python
        world python world hello world python python python hello world world world
        python python world world python python world hello python world hello world
        python hello hello python python hello hello hello hello world hello hello
        python hello hello hello hello python world python python python world python
        python world hello hello hello hello python hello world python python python
        world python hello world world world world python python python world world
        hello world python python python world world hello hello python world hello
        world hello world python world python hello hello python world world python
        world python hello world python python world world python hello python python
        hello python python python python world python hello python python hello world
        hello python python world world python hello python world hello world world
        hello python hello world python python python hello python python world world
        world python hello world hello python world hello world world world python
        world hello python hello hello world world python hello world hello python
        python world python world python world world world python python hello world
        world world world python world hello python python world world world world
        python python world hello python world world world world world world world
        world python python hello world world hello world hello world python hello
        world world python world world hello python world hello hello world world
        world world python hello python hello hello hello python hello python python
        hello world python python python hello python world hello python python python
        hello world hello world python hello hello python python python world hello
        world world python python hello hello python python python python world hello
        hello world hello python hello python world world world world world hello
        python world world world hello world world python hello python world hello
        world hello hello python world python python hello python python world python
        hello hello world world python python world python world hello world world
        python python hello python python world hello world python hello hello python
        python hello hello world hello python python hello hello python hello hello
        world world world python world hello python python hello hello hello world
        world python python python hello python python python hello python world world
        python python python hello hello world world world hello world hello world
        hello hello python hello world world python python world python python python
        python world python world world python world python hello hello world hello
        hello hello hello hello world python hello python world hello world world
        world python world hello hello hello world python python hello hello python
        world hello hello world python hello hello world world python world python
        python hello world python python hello python python hello hello python world
        hello python python world python python world python hello hello world world
        world hello python hello hello python python python hello python world world
        hello world hello world world world python python world world hello hello
        world python python world python hello hello python world world world python
        world world python world world python world hello world python hello python
        python world python world world hello python python python hello hello python
        world python python world hello python world world hello world world world
        hello python world python hello python hello world python hello python hello
        world hello hello hello hello world world python python world world python
        hello python python world hello hello hello hello python hello hello hello
        world hello python world python python world hello python world python world
        world hello python hello world hello world hello hello python python python
        python hello world hello world python python world hello world hello world
        hello world world world world hello python world world python world hello
        python python world hello world python hello python hello python python world
        hello hello python world world hello hello python hello hello world world
        hello world hello python hello hello hello python python world python python
        hello hello python world python hello hello world world python python world
        python world python world python world python python hello world python hello
        world hello hello hello python world hello hello hello hello world hello hello
        python hello python python world python hello world hello world world hello
        world world world hello python world world world python hello world hello
        hello hello hello hello hello hello world hello python world python world
        python hello world python python hello hello hello python python python python
        hello hello hello hello world hello hello python python hello hello hello
        python world hello world world world world python hello hello hello world
        world world hello hello world hello world world python python world python
        hello hello python python hello hello world world python world hello world
        world world python python world python hello hello hello hello python hello
        world world hello world python python world hello python world world python
        python python hello python python world python python python world hello python
        hello world python world hello python hello world world hello python python
        world python python hello hello python python python world hello hello hello
        python python python world python hello world hello world python world python
        hello world hello world python python hello world python world hello world
        python world python python python hello python world hello python hello hello
        world python world world world world hello world hello hello hello world hello
        world python world python hello world hello hello hello world world world
        hello world world hello python hello world world world world hello hello python
        python hello hello python hello world hello world world world python python
        hello hello python python hello hello python python world python python hello
        python python hello python python hello python hello world world python world
        python world python python python python hello hello python python hello world
        hello world hello hello world world python python hello world world python
        hello hello hello hello hello hello python world world hello world python
        world world python python hello python world python world world hello python
        world world python world hello world python python world python hello hello
        hello hello hello hello world world hello python hello world python hello
        python python hello python python world hello world world python hello world
        world python world python python world hello hello python python world hello
        python world hello hello hello python python world python hello python world
        python hello world world hello world python world python world world python
        world world hello world hello python hello python hello world python hello
        hello python world world hello world hello world world python python python
        python python hello world world world world world python python hello hello
        hello world world hello world hello world python hello hello world world world
        python world python python world python world world world python python world
        world python python hello hello world python hello python world world python
        hello world world world hello python python world python world world world
        python hello hello hello hello world world world world hello python world
        world world world hello python world world world world world world hello world
        world hello world hello world world hello world python world hello hello python
        world world python world hello world python python hello hello world hello
        python world hello hello python python hello python hello world hello world
        world world hello python world hello python python world python hello python
        world world python python python world world python python hello hello python
        python world hello hello hello hello python world python python world world
        hello python python python hello hello python hello world world hello hello
        python hello hello hello python python world python hello world hello python
        world world hello world hello hello world hello python world world hello world
        python hello world python hello python python world python python hello hello
        python world python python python python hello hello world python python world
        hello hello hello hello world python world world world world python python
        hello world world python world world world hello hello python hello python
        hello world python hello hello hello world world python world python world
        world world world python hello python world world world world world world
        python hello python world hello world python world world hello world world
        python world world world hello python python hello python python hello hello
        hello world world python python python world hello world python hello hello
        python hello world hello python world world world python python world python
        python world hello python hello world python world python hello hello world
        python world hello python python world hello hello hello hello python hello
        python python hello python world hello hello hello hello python world python
        hello world python world python python python world world hello python world
        world hello python hello world world world world python python hello hello
        world python hello world hello python hello world python world hello world
        world world hello hello world python hello world world world python python
        python hello world python world world hello world hello world python python
        python world python world world world python hello world hello world python
        hello hello hello python hello python hello world world world hello python
        world python world python world hello python python hello world hello hello
        world hello python world hello hello world world hello python python python
        world hello hello world world python python world world hello hello python
        world python world hello world world python hello world python python hello
        world hello world python hello hello hello python world python world python
        world hello world hello python hello python world hello world hello hello
        world world hello python hello world python python python hello hello world
        python hello hello python hello world world python hello hello python hello
        world world hello world python world world python world world python world
        hello python python hello world hello world world world world python python
        world world hello python hello python world hello hello python hello world
        hello world hello world python python hello python world python world hello
        world python world python world hello world python python world hello world
        python world world python world hello world hello hello world python world
        hello world hello hello python hello hello python python python world python
        world world hello world hello python python world python world python hello
        hello hello hello hello hello python world python hello python world world
        python hello world python world world hello hello world world hello world
        hello python python world world world python world python world world world
        python hello hello world python python world python python world world python
        python world python hello world world hello hello python hello hello world
        python hello python hello python hello python hello python world world hello
        world python world hello hello hello python hello python hello world hello
        world hello world python python hello python world hello hello python world
        world world world world world world python world world hello hello hello hello
        world python python world hello python hello python python hello python world
        python python hello world hello python python world hello hello world world
        python python python hello python world python python python world python
        python world hello world python hello hello python hello world hello hello
        world hello python python world python python world world hello world world
        python world hello python hello hello python world world world python python
        world world hello python python hello python python hello python python world
        python world python python python hello world python hello hello hello python
        world world python hello hello hello hello world world hello python python
        hello world world python hello hello python python world python world python
        python hello python python hello world hello hello python world hello world
        world python python hello world world world world python hello world python
        hello hello world python hello hello world python world python hello hello
        python world hello hello world python python world python python world world
        world world python world python hello hello world python hello world world
        hello hello world world python python world hello python world python python
        hello world hello world python hello python python world hello world python
        world hello python world python hello python hello world hello hello hello
        hello world hello hello python hello python hello python world world python
        world python world hello hello world python hello hello python python python
        world python hello world python python python python hello hello hello world
        world python world hello python hello python python world python hello hello
        python python world python world world world world python hello hello world
        world python hello python hello world world python world world hello python
        hello python python world world world world python python world hello hello
        python python python world python hello world hello python python world world
        world world hello python world python python python world python world world
        python python hello world world python python world python hello python world
        world world python python world world hello world python hello world world
        world python hello world world python world hello python hello python python
        hello world hello hello hello python python python world hello world world
        world world world hello hello python hello world hello python world python
        world world hello hello python world hello hello hello world python python
        hello world world world hello hello hello python python world hello hello
        world python world python world python python hello hello hello world python
        world hello python hello python world world python hello hello hello hello
        python python python world python world python world python python hello hello
        hello hello python python python hello world world python hello hello world
        world python hello python world hello world hello world python hello python
        hello hello python hello hello python python hello python python hello hello
        python hello world python python python python hello python python python
        world world python hello python world python hello world hello python python
        world world hello python world world world hello hello world hello world hello
        python world python hello hello world world world python hello python hello
        world python hello hello python hello world hello python world hello world
        python hello python python world world hello world python world python world
        hello python python world world hello python python python hello hello python
        python world world hello python hello hello world python world hello world
        python python hello hello world hello world python python python hello python
        python hello hello python world hello hello world world hello world python
        hello world world world hello python python hello python python python python
        hello world hello hello python hello python world world hello world world
        world hello world hello hello world world world python hello hello hello world
        world python python hello python hello world world hello python python hello
        world hello hello python hello hello hello hello hello hello hello python
        hello hello python world python python world python python world hello world
        python python world python world world python python python world world python
        world python python world python python hello hello python world world world
        hello python python hello python hello world python python world world world
        world hello world python world world python hello world hello python world
        python world world python hello python hello hello world world python hello
        hello hello hello python world python hello world hello python hello world
        python python hello hello python hello world python world world python world
        hello python python hello python world world hello world hello world world
        world python hello hello world python python hello python world hello python
        hello world python python world python hello world world world world python
        world python world hello hello python python world python hello world python
        python python python world world hello world hello hello hello python python
        world python world world python python world hello python hello hello python
        hello python world python python world python hello world hello hello world
        python hello python world hello python hello world world python hello python
        hello world hello world python python python world python python hello world
        python python hello world hello world world world world world python python
        python python python hello hello world world hello python python hello world
        world world world python world python python python hello python python hello
        python hello world world hello hello hello world hello world hello hello world
        hello python world hello world hello hello python world world world world
        world hello hello hello python world hello world world hello world python
        hello hello hello python hello python world python world python python python
        world python world world hello python hello hello hello python python python
        python hello python world python hello python world world hello hello world
        world hello hello hello hello world hello hello hello python hello python
        world world hello hello world hello python hello world hello hello world hello
        world python hello python world python python world world hello hello python
        hello python hello world hello python hello python hello hello world hello
        hello python world hello python world python world python hello hello hello
        python hello python hello world world world hello python hello world python
        world python world python python world hello hello world world hello hello
        hello world python world hello python hello world world hello world world
        python hello world hello world python hello python python world python hello
        world world python hello world world python hello world python world world
        python world python hello world python world hello hello python world python
        hello world world python hello hello hello hello python hello python python
        world world world hello world hello python world python python world world
        world world python python python world hello world python python world python
        world world world hello python python world world python world world python
        world python python python hello hello world python hello hello python hello
        python hello python world hello world world world world world python hello
        hello world python hello hello hello hello hello hello world hello world world
        world python hello python python python world hello hello world python hello
        world world python world hello world world hello python hello world hello
        hello hello python python hello world hello hello world hello hello world
        world python hello world python hello python world hello world python python
        hello python world python python hello python hello hello world hello python
        python python hello hello world hello hello world python world python world
        python python world hello world world world hello hello world world python
        python world python world world hello python hello hello world world python
        hello python world world world world hello python world python world python
        world world hello python hello python python python hello world python hello
        hello hello world world python world world hello world python world python
        world world hello world python world python python world hello world world
        world python python hello python hello hello world python world hello world
        python world hello hello world hello world hello hello world hello hello hello
        hello world python world world python python world hello hello python world
        world hello python world world world world hello python python python world
        python hello hello world hello python python hello python hello world python
        hello python python python python python python hello python world world hello
        hello world hello world world python hello python hello python world hello
        world python hello world python world hello hello world world python hello
        hello world python python world hello world world hello world python python
        world python python python hello world python python python hello world python
        world hello world python python hello hello hello python hello python world
        hello python python hello python hello world hello hello hello world world
        hello hello world python python world world python world world hello world
        python hello hello python hello hello hello world python python hello python
        hello hello world python hello python python python world hello world hello
        python world world python hello python world hello world python python python
        python python hello hello hello hello hello hello python hello world hello
        python world hello hello python world hello python hello python hello world
        world world hello hello world hello world hello world python python python
        hello hello world python python hello hello python world world world world
        world hello world python world python world python world hello hello hello
        python hello world world python world world hello python world python hello
        hello world python world python python world hello hello world python hello
        world hello python python hello python python hello python python world world
        python hello world hello python python hello python world hello world world
        python python python world hello hello python python hello python world python
        hello world world hello python python python hello hello world hello hello
        hello hello python world world world world hello world world python hello
        python world python hello hello hello python hello world python world world
        world python python hello hello python hello python python world python hello
        python python world hello world hello hello python world python world python
        python hello hello hello world python python hello hello hello hello hello
        hello python python world hello hello python world world hello hello hello
        hello python hello python python hello python world hello hello python python
        hello world python hello hello world hello python python python world world
        world world python world python hello python world world world world python
        hello hello hello hello world world python world hello world python python
        hello python world python python python world hello hello hello hello python
        hello python hello python world hello world hello hello world python world
        world hello python python world python hello world world world hello hello
        world world python hello python world world python hello hello hello python
        world world python hello hello hello python hello world world python world
        world world hello python python hello python python world python hello world
        python world hello hello python hello hello hello world world hello hello
        python hello world hello world python hello python world python python world
        world python hello world world hello world hello hello hello world hello world
        hello python hello hello world world hello python python hello python world
        python world world world hello python hello world world hello python world
        python python hello hello python hello python hello world hello world hello
        python hello world python world world world world world world world python
        world python python python hello hello python hello python python hello python
        hello world python python world python hello python world hello python hello
        hello world python python hello python world world world world hello world
        hello hello world world python python world python python python world world
        python world python python python world python world world hello hello hello
        world world python world python world hello world python world world hello
        world world world python world hello world python world hello python hello
        hello hello python python hello python python hello hello python world python
        world world world hello world hello world hello python hello python hello
        python hello world hello hello world world hello hello python python world
        hello python hello hello world python world python python python hello hello
        hello python hello hello python world hello python world python hello world
        world world world python python hello hello python python hello hello hello
        hello hello python hello world world world hello python hello python world
        python hello world hello hello python world hello python hello hello world
        hello hello python hello python python python world world world hello world
        hello hello python hello hello python hello world hello hello hello python
        world hello world hello hello hello python python world python hello world
        python world python python world world python hello hello hello world world
        world python world world python python hello python world world hello world
        world world hello python hello python python hello world world hello python
        world python python hello world world hello world python python hello world
        hello world python python world hello python world python python python hello
        hello world hello python hello python hello hello python python world hello
        python python hello world python world python world world python python world
        world hello hello hello python python world world world world python hello
        hello world python hello world python python hello python hello python world
        python hello python world hello python hello world python world hello hello
        world hello hello python python world hello python world python hello hello
        python hello python hello hello world world hello world hello hello python
        python world hello world python world hello hello hello hello python world
        world world hello python world python python world python hello hello hello
        hello python python python world hello python world hello world python world
        python hello python world hello world python python world python hello python
        hello hello python hello hello world hello hello python hello python world
        world hello python python python python world world python python hello hello
        python world python python hello world world python python hello hello hello
        world python hello hello python python world python world world world python
        python world python python hello world world hello hello hello world world
        python python python hello hello world python world python python hello hello
        hello hello world world hello python world hello python world hello world
        world hello hello python hello hello world hello world hello hello python
        python hello hello world hello hello world hello hello python python python
        python world world world world hello world python python world python python
        python hello hello hello python hello python world hello python world hello
        hello world python world python world python python hello hello python python
        world world hello hello world python world world hello world hello python
        world world world python python world python hello hello world python world
        hello world hello hello python python hello hello hello world hello hello
        python world world hello python world hello python python python python world
        python python world python world python python python world world python python'}
    headers:
      Accept-Ranges: [bytes]
      Content-Length: ['65540']
      Content-Range: [bytes 0-65539/65540]
      Content-Type: [application/octet-stream]
      Date: ['Fri, 05 Apr 2019 08:58:24 GMT']
      ETag: ['"0x8D6B9A4DC79D48C"']
      Last-Modified: ['Fri, 05 Apr 2019 08:58:24 GMT']
      Server: [Windows-Azure-Blob/1.0 Microsoft-HTTPAPI/2.0]
      x-ms-blob-committed-block-count: ['17']
      x-ms-blob-type: [AppendBlob]
      x-ms-creation-time: ['Fri, 05 Apr 2019 08:58:23 GMT']
      x-ms-lease-state: [available]
      x-ms-lease-status: [unlocked]
      x-ms-request-id: [00638969-701e-000a-528d-eb28ea000000]
      x-ms-server-encrypted: ['true']
      x-ms-tag-count: ['0']
      x-ms-version: ['2018-11-09']
    status: {code: 206, message: Partial Content}
version: 1
